---
source: tests/snapshot_codegen.rs
expression: output
---
function validate(s: string): { ok: true; value: string } | { ok: false; error: string } {
  return { ok: true as const, value: s };
}

function format(s: string): { ok: true; value: string } | { ok: false; error: string } {
  return { ok: true as const, value: s };
}

function _testPipeUnwrap(): { ok: true; value: string } | { ok: false; error: string } {
  return (() => { const __r = validate("hello"); if (typeof __r === 'object' && __r !== null && 'ok' in __r && typeof __r.ok === 'boolean') { if (!__r.ok) throw __r.error; return __r.value; } return __r; })();
}

function _testPipeChainUnwrap(): { ok: true; value: string } | { ok: false; error: string } {
  return (() => { const __r = format(validate("hello")); if (typeof __r === 'object' && __r !== null && 'ok' in __r && typeof __r.ok === 'boolean') { if (!__r.ok) throw __r.error; return __r.value; } return __r; })();
}

function _testPipeOptionUnwrap(): number | undefined {
  return (() => { const __r = [1, 2, 3][0]; if (typeof __r === 'object' && __r !== null && 'ok' in __r && typeof __r.ok === 'boolean') { if (!__r.ok) throw __r.error; return __r.value; } return __r; })();
}
